// Jest Snapshot v1, https://goo.gl/fbAQLP

exports[`1 Default Render 1`] = `
<div>
  <h2
    class="MuiTypography-root MuiTypography-h6 MuiDialogTitle-root css-bdhsul-MuiTypography-root-MuiDialogTitle-root"
  >
    Add Asset
    <button
      aria-label="close"
      class="MuiButtonBase-root MuiIconButton-root MuiIconButton-sizeMedium css-lc2yqr-MuiButtonBase-root-MuiIconButton-root"
      tabindex="0"
      type="button"
    >
      <svg
        aria-hidden="true"
        class="MuiSvgIcon-root MuiSvgIcon-fontSizeMedium css-i4bv87-MuiSvgIcon-root"
        data-testid="CloseIcon"
        focusable="false"
        viewBox="0 0 24 24"
      >
        <path
          d="M19 6.41 17.59 5 12 10.59 6.41 5 5 6.41 10.59 12 5 17.59 6.41 19 12 13.41 17.59 19 19 17.59 13.41 12z"
        />
      </svg>
      <span
        class="MuiTouchRipple-root css-8je8zh-MuiTouchRipple-root"
      />
    </button>
  </h2>
  <div
    class="MuiDialogContent-root css-ypiqx9-MuiDialogContent-root"
  >
    <div
      class="MuiBox-root css-542elh"
    >
      <div
        class="MuiFormControl-root MuiFormControl-fullWidth MuiTextField-root css-wb57ya-MuiFormControl-root-MuiTextField-root"
      >
        <label
          class="MuiInputLabel-root MuiInputLabel-formControl MuiInputLabel-animated MuiInputLabel-shrink MuiInputLabel-outlined MuiFormLabel-root MuiFormLabel-colorPrimary Mui-focused css-1sumxir-MuiFormLabel-root-MuiInputLabel-root"
          data-shrink="true"
          for="mui-1"
          id="mui-1-label"
        >
          Enter token address
        </label>
        <div
          class="MuiOutlinedInput-root MuiInputBase-root MuiInputBase-colorPrimary MuiInputBase-fullWidth Mui-focused MuiInputBase-formControl css-md26zr-MuiInputBase-root-MuiOutlinedInput-root"
        >
          <input
            aria-describedby="mui-1-helper-text"
            aria-invalid="false"
            autocomplete="off"
            class="MuiOutlinedInput-input MuiInputBase-input css-1t8l2tu-MuiInputBase-input-MuiOutlinedInput-input"
            id="mui-1"
            type="text"
            value=""
          />
          <fieldset
            aria-hidden="true"
            class="MuiOutlinedInput-notchedOutline css-1d3z3hw-MuiOutlinedInput-notchedOutline"
          >
            <legend
              class="css-1in441m"
            >
              <span>
                Enter token address
              </span>
            </legend>
          </fieldset>
        </div>
        <p
          class="MuiFormHelperText-root MuiFormHelperText-sizeMedium MuiFormHelperText-contained Mui-focused css-1wc848c-MuiFormHelperText-root"
          id="mui-1-helper-text"
        >
          <span
            class="notranslate"
          >
            â€‹
          </span>
        </p>
      </div>
    </div>
  </div>
  <div
    class="MuiDialogActions-root MuiDialogActions-spacing css-hlj6pa-MuiDialogActions-root"
  >
    <button
      class="MuiButton-root MuiButton-text MuiButton-textPrimary MuiButton-sizeMedium MuiButton-textSizeMedium MuiButtonBase-root  css-1e6y48t-MuiButtonBase-root-MuiButton-root"
      tabindex="0"
      type="button"
    >
      Cancel
      <span
        class="MuiTouchRipple-root css-8je8zh-MuiTouchRipple-root"
      />
    </button>
    <button
      class="MuiButton-root MuiButton-text MuiButton-textPrimary MuiButton-sizeMedium MuiButton-textSizeMedium MuiButtonBase-root  css-1e6y48t-MuiButtonBase-root-MuiButton-root"
      tabindex="0"
      type="button"
    >
      Add
      <span
        class="MuiTouchRipple-root css-8je8zh-MuiTouchRipple-root"
      />
    </button>
  </div>
</div>
`;
