// Jest Snapshot v1, https://goo.gl/fbAQLP

exports[`1 Render with empty safe list 1`] = `
<div>
  <div
    class="MuiBox-root css-ke8wp"
  >
    <h6
      class="MuiTypography-root MuiTypography-h6 MuiTypography-gutterBottom css-18k87ye-MuiTypography-root"
    >
      Don't have a safe?
    </h6>
    <p
      class="MuiTypography-root MuiTypography-body1 css-17665zs-MuiTypography-root"
    >
      Create a safe with multiple owners
       
    </p>
    <button
      class="MuiButtonBase-root MuiButton-root MuiButton-contained MuiButton-containedPrimary MuiButton-sizeMedium MuiButton-containedSizeMedium css-sghohy-MuiButtonBase-root-MuiButton-root"
      tabindex="0"
      type="button"
    >
      Create New Safe
      <span
        class="MuiTouchRipple-root css-8je8zh-MuiTouchRipple-root"
      />
    </button>
  </div>
</div>
`;

exports[`2 Render with not empty safe list 1`] = `<div />`;
