// Jest Snapshot v1, https://goo.gl/fbAQLP

exports[`1 Render with empty safe list 1`] = `<div />`;

exports[`2 Render with not empty safe list 1`] = `
<div>
  <div
    class="MuiBox-root css-ke8wp"
  >
    <h6
      class="MuiTypography-root MuiTypography-h6 MuiTypography-gutterBottom css-18k87ye-MuiTypography-root"
    >
      Recently used
    </h6>
    <div
      class="MuiBox-root css-1mcng6u"
    >
      <div
        class="MuiBox-root css-1vg6q84"
      />
      <div
        class="MuiBox-root css-f02d16"
      >
        foo
      </div>
    </div>
    <div
      class="MuiBox-root css-1vdq46e"
    >
      <button
        class="MuiButton-root MuiButton-outlined MuiButton-outlinedPrimary MuiButton-sizeMedium MuiButton-outlinedSizeMedium MuiButtonBase-root  css-1rwt2y5-MuiButtonBase-root-MuiButton-root"
        tabindex="0"
        type="button"
      >
        Create new Safe
        <span
          class="MuiTouchRipple-root css-8je8zh-MuiTouchRipple-root"
        />
      </button>
    </div>
  </div>
</div>
`;
