// Jest Snapshot v1, https://goo.gl/fbAQLP

exports[`1 Default render 1`] = `
<div>
  <div
    class="MuiBox-root css-xi606m"
  >
    <div
      class="MuiBox-root css-en1vyx"
    >
      <div
        class="MuiBox-root css-1ogkl44"
      >
        <svg
          aria-hidden="true"
          class="MuiSvgIcon-root MuiSvgIcon-fontSizeMedium css-10ere2o-MuiSvgIcon-root"
          data-testid="CheckBoxIcon"
          focusable="false"
          viewBox="0 0 24 24"
        >
          <path
            d="M19 3H5c-1.11 0-2 .9-2 2v14c0 1.1.89 2 2 2h14c1.11 0 2-.9 2-2V5c0-1.1-.89-2-2-2zm-9 14-5-5 1.41-1.41L10 14.17l7.59-7.59L19 8l-9 9z"
          />
        </svg>
      </div>
    </div>
    Your new Safe being deployed.
    <br />
    <br />
    <a
      href="https://explorer.stacks.co/txid/0x812a8f531614d222aa2ec10a96c0246a1af0fe6fac0e12186280fac015dfb918?chain=mainnet"
      rel="noreferrer"
      target="_blank"
    >
      View transaction
    </a>
    <br />
    <br />
    Please note that it may take a few minutes to complete.
    <br />
    <br />
    Once the transaction confirmed you can import your new Safe.
    <div
      class="MuiBox-root css-1xaekgw"
    >
      <button
        class="MuiButtonBase-root MuiButton-root MuiButton-outlined MuiButton-outlinedPrimary MuiButton-sizeMedium MuiButton-outlinedSizeMedium css-1rwt2y5-MuiButtonBase-root-MuiButton-root"
        tabindex="0"
        type="button"
      >
        Home
        <span
          class="MuiTouchRipple-root css-8je8zh-MuiTouchRipple-root"
        />
      </button>
    </div>
  </div>
</div>
`;
