// Jest Snapshot v1, https://goo.gl/fbAQLP

exports[`1 Default render 1`] = `
<div>
  <div
    class="MuiBox-root css-l1p3en"
  >
    <span>
      children
    </span>
  </div>
</div>
`;
